// Jest Snapshot v1, https://goo.gl/fbAQLP

exports[`Prueba en <PrimeraApp> Debe de mostrar <PrimeraApp /> correctamente 1`] = `
<Fragment>
  <h1>
    Hola, soy goku
  </h1>
  <p>
    soy un subtitulo
  </p>
</Fragment>
`;

exports[`Prueba en <PrimeraApp> Debe de mostrar el subTitulo enviado por props 1`] = `
<Fragment>
  <h1>
    Hola, soy goku
  </h1>
  <p>
    soy un subtitulo
  </p>
</Fragment>
`;
